prisma.config.ts(7,9): error TS2353: Object literal may only specify known properties, and 'provider' does not exist in type '{ url: string; shadowDatabaseUrl?: string | undefined; }'.
prisma/prisma.config.ts(7,5): error TS2353: Object literal may only specify known properties, and 'databaseUrl' does not exist in type '{ url: string; shadowDatabaseUrl?: string | undefined; }'.
src/app/admin/clients/page.tsx(71,48): error TS2322: Type '"success" | "destructive"' is not assignable to type 'BadgeVariant | undefined'.
  Type '"destructive"' is not assignable to type 'BadgeVariant | undefined'.
src/app/admin/professionals/[id]/AdminProfessionalActions.tsx(76,25): error TS2322: Type '"success"' is not assignable to type '"primary" | "outline" | "ghost" | undefined'.
src/app/admin/professionals/[id]/AdminProfessionalActions.tsx(85,25): error TS2322: Type '"warning"' is not assignable to type '"primary" | "outline" | "ghost" | undefined'.
src/app/admin/professionals/[id]/AdminProfessionalActions.tsx(94,25): error TS2322: Type '"destructive"' is not assignable to type '"primary" | "outline" | "ghost" | undefined'.
src/app/admin/professionals/[id]/AdminProfessionalActions.tsx(125,41): error TS2322: Type '"success" | "warning" | "destructive"' is not assignable to type 'BadgeVariant | undefined'.
  Type '"destructive"' is not assignable to type 'BadgeVariant | undefined'.
src/app/admin/professionals/[id]/AdminProfessionalActions.tsx(140,45): error TS2322: Type '"success"' is not assignable to type '"primary" | "outline" | "ghost" | undefined'.
src/app/admin/professionals/[id]/AdminProfessionalActions.tsx(148,45): error TS2322: Type '"destructive"' is not assignable to type '"primary" | "outline" | "ghost" | undefined'.
src/app/admin/professionals/[id]/page.tsx(113,37): error TS2322: Type '"success" | "warning" | "gray" | "destructive"' is not assignable to type 'BadgeVariant | undefined'.
  Type '"destructive"' is not assignable to type 'BadgeVariant | undefined'.
src/app/admin/professionals/page.tsx(85,45): error TS2322: Type '"success" | "warning" | "gray" | "destructive"' is not assignable to type 'BadgeVariant | undefined'.
  Type '"destructive"' is not assignable to type 'BadgeVariant | undefined'.
src/app/admin/reviews/ReviewModerationActions.tsx(35,17): error TS2322: Type '"destructive"' is not assignable to type '"primary" | "outline" | "ghost" | undefined'.
src/app/admin/reviews/ReviewModerationActions.tsx(43,17): error TS2322: Type '"success"' is not assignable to type '"primary" | "outline" | "ghost" | undefined'.
src/app/client/jobs/page.tsx(57,39): error TS2367: This comparison appears to be unintentional because the types 'JobStatus' and '"PENDING"' have no overlap.
src/app/pro/jobs/page.tsx(61,41): error TS2339: Property 'status' does not exist on type '{ id: string; status: OfferStatus; createdAt: Date; updatedAt: Date; professionalId: string; requestId: string; message: string; proposedPrice: number | null; estimatedDuration: string | null; availableTimeSlots: string | null; viewedByClient: boolean; viewedAt: Date | null; } | ... 6 more ... | { ...; }'.
  Property 'status' does not exist on type '{ id: string; createdAt: Date; professionalId: string; subcategoryId: string; description: string | null; priceFrom: number | null; priceTo: number | null; }'.
src/app/pro/jobs/page.tsx(61,68): error TS2339: Property 'status' does not exist on type '{ id: string; status: OfferStatus; createdAt: Date; updatedAt: Date; professionalId: string; requestId: string; message: string; proposedPrice: number | null; estimatedDuration: string | null; availableTimeSlots: string | null; viewedByClient: boolean; viewedAt: Date | null; } | ... 6 more ... | { ...; }'.
  Property 'status' does not exist on type '{ id: string; createdAt: Date; professionalId: string; subcategoryId: string; description: string | null; priceFrom: number | null; priceTo: number | null; }'.
src/app/pro/jobs/page.tsx(62,44): error TS2339: Property 'status' does not exist on type '{ id: string; status: OfferStatus; createdAt: Date; updatedAt: Date; professionalId: string; requestId: string; message: string; proposedPrice: number | null; estimatedDuration: string | null; availableTimeSlots: string | null; viewedByClient: boolean; viewedAt: Date | null; } | ... 6 more ... | { ...; }'.
  Property 'status' does not exist on type '{ id: string; createdAt: Date; professionalId: string; subcategoryId: string; description: string | null; priceFrom: number | null; priceTo: number | null; }'.
src/app/pro/jobs/page.tsx(64,58): error TS2339: Property 'agreedPrice' does not exist on type '{ id: string; status: OfferStatus; createdAt: Date; updatedAt: Date; professionalId: string; requestId: string; message: string; proposedPrice: number | null; estimatedDuration: string | null; availableTimeSlots: string | null; viewedByClient: boolean; viewedAt: Date | null; } | ... 6 more ... | { ...; }'.
  Property 'agreedPrice' does not exist on type '{ id: string; status: OfferStatus; createdAt: Date; updatedAt: Date; professionalId: string; requestId: string; message: string; proposedPrice: number | null; estimatedDuration: string | null; availableTimeSlots: string | null; viewedByClient: boolean; viewedAt: Date | null; }'.
src/app/pro/jobs/page.tsx(65,42): error TS2339: Property 'status' does not exist on type '{ id: string; status: OfferStatus; createdAt: Date; updatedAt: Date; professionalId: string; requestId: string; message: string; proposedPrice: number | null; estimatedDuration: string | null; availableTimeSlots: string | null; viewedByClient: boolean; viewedAt: Date | null; } | ... 6 more ... | { ...; }'.
  Property 'status' does not exist on type '{ id: string; createdAt: Date; professionalId: string; subcategoryId: string; description: string | null; priceFrom: number | null; priceTo: number | null; }'.
src/app/pro/jobs/page.tsx(66,45): error TS2339: Property 'status' does not exist on type '{ id: string; status: OfferStatus; createdAt: Date; updatedAt: Date; professionalId: string; requestId: string; message: string; proposedPrice: number | null; estimatedDuration: string | null; availableTimeSlots: string | null; viewedByClient: boolean; viewedAt: Date | null; } | ... 6 more ... | { ...; }'.
  Property 'status' does not exist on type '{ id: string; createdAt: Date; professionalId: string; subcategoryId: string; description: string | null; priceFrom: number | null; priceTo: number | null; }'.
src/app/pro/jobs/page.tsx(103,53): error TS2339: Property 'status' does not exist on type '{ id: string; status: OfferStatus; createdAt: Date; updatedAt: Date; professionalId: string; requestId: string; message: string; proposedPrice: number | null; estimatedDuration: string | null; availableTimeSlots: string | null; viewedByClient: boolean; viewedAt: Date | null; } | ... 6 more ... | { ...; }'.
  Property 'status' does not exist on type '{ id: string; createdAt: Date; professionalId: string; subcategoryId: string; description: string | null; priceFrom: number | null; priceTo: number | null; }'.
src/app/pro/jobs/page.tsx(104,40): error TS2339: Property 'status' does not exist on type '{ id: string; status: OfferStatus; createdAt: Date; updatedAt: Date; professionalId: string; requestId: string; message: string; proposedPrice: number | null; estimatedDuration: string | null; availableTimeSlots: string | null; viewedByClient: boolean; viewedAt: Date | null; } | ... 6 more ... | { ...; }'.
  Property 'status' does not exist on type '{ id: string; createdAt: Date; professionalId: string; subcategoryId: string; description: string | null; priceFrom: number | null; priceTo: number | null; }'.
src/app/pro/jobs/page.tsx(119,30): error TS2339: Property 'request' does not exist on type '{ id: string; status: OfferStatus; createdAt: Date; updatedAt: Date; professionalId: string; requestId: string; message: string; proposedPrice: number | null; estimatedDuration: string | null; availableTimeSlots: string | null; viewedByClient: boolean; viewedAt: Date | null; } | ... 6 more ... | { ...; }'.
  Property 'request' does not exist on type '{ id: string; status: OfferStatus; createdAt: Date; updatedAt: Date; professionalId: string; requestId: string; message: string; proposedPrice: number | null; estimatedDuration: string | null; availableTimeSlots: string | null; viewedByClient: boolean; viewedAt: Date | null; }'.
src/app/pro/jobs/page.tsx(123,35): error TS2339: Property 'request' does not exist on type '{ id: string; status: OfferStatus; createdAt: Date; updatedAt: Date; professionalId: string; requestId: string; message: string; proposedPrice: number | null; estimatedDuration: string | null; availableTimeSlots: string | null; viewedByClient: boolean; viewedAt: Date | null; } | ... 6 more ... | { ...; }'.
  Property 'request' does not exist on type '{ id: string; status: OfferStatus; createdAt: Date; updatedAt: Date; professionalId: string; requestId: string; message: string; proposedPrice: number | null; estimatedDuration: string | null; availableTimeSlots: string | null; viewedByClient: boolean; viewedAt: Date | null; }'.
src/app/pro/jobs/page.tsx(127,35): error TS2339: Property 'request' does not exist on type '{ id: string; status: OfferStatus; createdAt: Date; updatedAt: Date; professionalId: string; requestId: string; message: string; proposedPrice: number | null; estimatedDuration: string | null; availableTimeSlots: string | null; viewedByClient: boolean; viewedAt: Date | null; } | ... 6 more ... | { ...; }'.
  Property 'request' does not exist on type '{ id: string; status: OfferStatus; createdAt: Date; updatedAt: Date; professionalId: string; requestId: string; message: string; proposedPrice: number | null; estimatedDuration: string | null; availableTimeSlots: string | null; viewedByClient: boolean; viewedAt: Date | null; }'.
src/app/pro/jobs/page.tsx(132,41): error TS2339: Property 'status' does not exist on type '{ id: string; status: OfferStatus; createdAt: Date; updatedAt: Date; professionalId: string; requestId: string; message: string; proposedPrice: number | null; estimatedDuration: string | null; availableTimeSlots: string | null; viewedByClient: boolean; viewedAt: Date | null; } | ... 6 more ... | { ...; }'.
  Property 'status' does not exist on type '{ id: string; createdAt: Date; professionalId: string; subcategoryId: string; description: string | null; priceFrom: number | null; priceTo: number | null; }'.
src/app/pro/jobs/page.tsx(139,34): error TS2339: Property 'agreedPrice' does not exist on type '{ id: string; status: OfferStatus; createdAt: Date; updatedAt: Date; professionalId: string; requestId: string; message: string; proposedPrice: number | null; estimatedDuration: string | null; availableTimeSlots: string | null; viewedByClient: boolean; viewedAt: Date | null; } | ... 6 more ... | { ...; }'.
  Property 'agreedPrice' does not exist on type '{ id: string; status: OfferStatus; createdAt: Date; updatedAt: Date; professionalId: string; requestId: string; message: string; proposedPrice: number | null; estimatedDuration: string | null; availableTimeSlots: string | null; viewedByClient: boolean; viewedAt: Date | null; }'.
src/app/pro/jobs/page.tsx(142,42): error TS2339: Property 'createdAt' does not exist on type '{ id: string; status: OfferStatus; createdAt: Date; updatedAt: Date; professionalId: string; requestId: string; message: string; proposedPrice: number | null; estimatedDuration: string | null; availableTimeSlots: string | null; viewedByClient: boolean; viewedAt: Date | null; } | ... 6 more ... | { ...; }'.
  Property 'createdAt' does not exist on type '{ id: string; status: DocumentStatus; professionalId: string; type: DocumentType; fileUrl: string; fileName: string; fileSize: number | null; mimeType: string | null; ... 5 more ...; expiresAt: Date | null; }'.
src/app/pro/jobs/page.tsx(170,30): error TS2339: Property 'request' does not exist on type '{ id: string; status: OfferStatus; createdAt: Date; updatedAt: Date; professionalId: string; requestId: string; message: string; proposedPrice: number | null; estimatedDuration: string | null; availableTimeSlots: string | null; viewedByClient: boolean; viewedAt: Date | null; } | ... 6 more ... | { ...; }'.
  Property 'request' does not exist on type '{ id: string; status: OfferStatus; createdAt: Date; updatedAt: Date; professionalId: string; requestId: string; message: string; proposedPrice: number | null; estimatedDuration: string | null; availableTimeSlots: string | null; viewedByClient: boolean; viewedAt: Date | null; }'.
src/app/pro/jobs/page.tsx(172,28): error TS2339: Property 'review' does not exist on type '{ id: string; status: OfferStatus; createdAt: Date; updatedAt: Date; professionalId: string; requestId: string; message: string; proposedPrice: number | null; estimatedDuration: string | null; availableTimeSlots: string | null; viewedByClient: boolean; viewedAt: Date | null; } | ... 6 more ... | { ...; }'.
  Property 'review' does not exist on type '{ id: string; status: OfferStatus; createdAt: Date; updatedAt: Date; professionalId: string; requestId: string; message: string; proposedPrice: number | null; estimatedDuration: string | null; availableTimeSlots: string | null; viewedByClient: boolean; viewedAt: Date | null; }'.
src/app/pro/jobs/page.tsx(180,32): error TS2339: Property 'completedAt' does not exist on type '{ id: string; status: OfferStatus; createdAt: Date; updatedAt: Date; professionalId: string; requestId: string; message: string; proposedPrice: number | null; estimatedDuration: string | null; availableTimeSlots: string | null; viewedByClient: boolean; viewedAt: Date | null; } | ... 6 more ... | { ...; }'.
  Property 'completedAt' does not exist on type '{ id: string; status: OfferStatus; createdAt: Date; updatedAt: Date; professionalId: string; requestId: string; message: string; proposedPrice: number | null; estimatedDuration: string | null; availableTimeSlots: string | null; viewedByClient: boolean; viewedAt: Date | null; }'.
src/app/pro/jobs/page.tsx(180,59): error TS2339: Property 'completedAt' does not exist on type '{ id: string; status: OfferStatus; createdAt: Date; updatedAt: Date; professionalId: string; requestId: string; message: string; proposedPrice: number | null; estimatedDuration: string | null; availableTimeSlots: string | null; viewedByClient: boolean; viewedAt: Date | null; } | ... 6 more ... | { ...; }'.
  Property 'completedAt' does not exist on type '{ id: string; status: OfferStatus; createdAt: Date; updatedAt: Date; professionalId: string; requestId: string; message: string; proposedPrice: number | null; estimatedDuration: string | null; availableTimeSlots: string | null; viewedByClient: boolean; viewedAt: Date | null; }'.
src/app/pro/jobs/page.tsx(184,34): error TS2339: Property 'agreedPrice' does not exist on type '{ id: string; status: OfferStatus; createdAt: Date; updatedAt: Date; professionalId: string; requestId: string; message: string; proposedPrice: number | null; estimatedDuration: string | null; availableTimeSlots: string | null; viewedByClient: boolean; viewedAt: Date | null; } | ... 6 more ... | { ...; }'.
  Property 'agreedPrice' does not exist on type '{ id: string; status: OfferStatus; createdAt: Date; updatedAt: Date; professionalId: string; requestId: string; message: string; proposedPrice: number | null; estimatedDuration: string | null; availableTimeSlots: string | null; viewedByClient: boolean; viewedAt: Date | null; }'.
src/app/pro/jobs/page.tsx(186,28): error TS2339: Property 'review' does not exist on type '{ id: string; status: OfferStatus; createdAt: Date; updatedAt: Date; professionalId: string; requestId: string; message: string; proposedPrice: number | null; estimatedDuration: string | null; availableTimeSlots: string | null; viewedByClient: boolean; viewedAt: Date | null; } | ... 6 more ... | { ...; }'.
  Property 'review' does not exist on type '{ id: string; status: OfferStatus; createdAt: Date; updatedAt: Date; professionalId: string; requestId: string; message: string; proposedPrice: number | null; estimatedDuration: string | null; availableTimeSlots: string | null; viewedByClient: boolean; viewedAt: Date | null; }'.
src/app/pro/jobs/page.tsx(190,36): error TS2339: Property 'review' does not exist on type '{ id: string; status: OfferStatus; createdAt: Date; updatedAt: Date; professionalId: string; requestId: string; message: string; proposedPrice: number | null; estimatedDuration: string | null; availableTimeSlots: string | null; viewedByClient: boolean; viewedAt: Date | null; } | ... 6 more ... | { ...; }'.
  Property 'review' does not exist on type '{ id: string; status: OfferStatus; createdAt: Date; updatedAt: Date; professionalId: string; requestId: string; message: string; proposedPrice: number | null; estimatedDuration: string | null; availableTimeSlots: string | null; viewedByClient: boolean; viewedAt: Date | null; }'.
src/app/pro/offers/page.tsx(48,46): error TS2339: Property 'status' does not exist on type '{ id: string; status: OfferStatus; createdAt: Date; updatedAt: Date; professionalId: string; requestId: string; message: string; proposedPrice: number | null; estimatedDuration: string | null; availableTimeSlots: string | null; viewedByClient: boolean; viewedAt: Date | null; } | ... 6 more ... | { ...; }'.
  Property 'status' does not exist on type '{ id: string; createdAt: Date; professionalId: string; subcategoryId: string; description: string | null; priceFrom: number | null; priceTo: number | null; }'.
src/app/pro/offers/page.tsx(49,47): error TS2339: Property 'status' does not exist on type '{ id: string; status: OfferStatus; createdAt: Date; updatedAt: Date; professionalId: string; requestId: string; message: string; proposedPrice: number | null; estimatedDuration: string | null; availableTimeSlots: string | null; viewedByClient: boolean; viewedAt: Date | null; } | ... 6 more ... | { ...; }'.
  Property 'status' does not exist on type '{ id: string; createdAt: Date; professionalId: string; subcategoryId: string; description: string | null; priceFrom: number | null; priceTo: number | null; }'.
src/app/pro/offers/page.tsx(50,47): error TS2339: Property 'status' does not exist on type '{ id: string; status: OfferStatus; createdAt: Date; updatedAt: Date; professionalId: string; requestId: string; message: string; proposedPrice: number | null; estimatedDuration: string | null; availableTimeSlots: string | null; viewedByClient: boolean; viewedAt: Date | null; } | ... 6 more ... | { ...; }'.
  Property 'status' does not exist on type '{ id: string; createdAt: Date; professionalId: string; subcategoryId: string; description: string | null; priceFrom: number | null; priceTo: number | null; }'.
src/app/pro/offers/page.tsx(51,46): error TS2339: Property 'clickEvent' does not exist on type '{ id: string; status: OfferStatus; createdAt: Date; updatedAt: Date; professionalId: string; requestId: string; message: string; proposedPrice: number | null; estimatedDuration: string | null; availableTimeSlots: string | null; viewedByClient: boolean; viewedAt: Date | null; } | ... 6 more ... | { ...; }'.
  Property 'clickEvent' does not exist on type '{ id: string; status: OfferStatus; createdAt: Date; updatedAt: Date; professionalId: string; requestId: string; message: string; proposedPrice: number | null; estimatedDuration: string | null; availableTimeSlots: string | null; viewedByClient: boolean; viewedAt: Date | null; }'.
src/app/pro/profile/page.tsx(56,29): error TS2339: Property 'hourlyRateMin' does not exist on type '({ id: string; status: JobStatus; createdAt: Date; updatedAt: Date; professionalId: string; clientId: string; requestId: string; agreedPrice: number | null; startedAt: Date | null; completedAt: Date | null; } | { ...; })[] | ... 6 more ... | { ...; }[]'.
  Property 'hourlyRateMin' does not exist on type '({ id: string; status: JobStatus; createdAt: Date; updatedAt: Date; professionalId: string; clientId: string; requestId: string; agreedPrice: number | null; startedAt: Date | null; completedAt: Date | null; } | { ...; })[]'.
src/app/pro/profile/page.tsx(98,39): error TS2339: Property 'hourlyRateMin' does not exist on type '({ id: string; status: JobStatus; createdAt: Date; updatedAt: Date; professionalId: string; clientId: string; requestId: string; agreedPrice: number | null; startedAt: Date | null; completedAt: Date | null; } | { ...; })[] | ... 6 more ... | { ...; }[]'.
  Property 'hourlyRateMin' does not exist on type '({ id: string; status: JobStatus; createdAt: Date; updatedAt: Date; professionalId: string; clientId: string; requestId: string; agreedPrice: number | null; startedAt: Date | null; completedAt: Date | null; } | { ...; })[]'.
src/app/pro/requests/page.tsx(38,14): error TS2339: Property 'subcategory' does not exist on type '{ id: string; status: OfferStatus; createdAt: Date; updatedAt: Date; professionalId: string; requestId: string; message: string; proposedPrice: number | null; estimatedDuration: string | null; availableTimeSlots: string | null; viewedByClient: boolean; viewedAt: Date | null; } | ... 6 more ... | { ...; }'.
  Property 'subcategory' does not exist on type '{ id: string; status: OfferStatus; createdAt: Date; updatedAt: Date; professionalId: string; requestId: string; message: string; proposedPrice: number | null; estimatedDuration: string | null; availableTimeSlots: string | null; viewedByClient: boolean; viewedAt: Date | null; }'.
src/components/landing/FeaturedProfessionalsServer.tsx(112,12): error TS2304: Cannot find name 'Avatar'.
